make[1]: Entering directory '/mnt/c/Users/livia/OneDrive/Documentos/Cub-3D/libft'
gcc -Wall -Werror -Wextra -c ft_atoi.c -o ft_atoi.o
gcc -Wall -Werror -Wextra -c ft_bzero.c -o ft_bzero.o
gcc -Wall -Werror -Wextra -c ft_calloc.c -o ft_calloc.o
gcc -Wall -Werror -Wextra -c ft_isalnum.c -o ft_isalnum.o
gcc -Wall -Werror -Wextra -c ft_isalpha.c -o ft_isalpha.o
gcc -Wall -Werror -Wextra -c ft_isascii.c -o ft_isascii.o
gcc -Wall -Werror -Wextra -c ft_isdigit.c -o ft_isdigit.o
gcc -Wall -Werror -Wextra -c ft_isprint.c -o ft_isprint.o
gcc -Wall -Werror -Wextra -c ft_memchr.c -o ft_memchr.o
gcc -Wall -Werror -Wextra -c ft_memcmp.c -o ft_memcmp.o
gcc -Wall -Werror -Wextra -c ft_memcpy.c -o ft_memcpy.o
gcc -Wall -Werror -Wextra -c ft_memmove.c -o ft_memmove.o
gcc -Wall -Werror -Wextra -c ft_memset.c -o ft_memset.o
gcc -Wall -Werror -Wextra -c ft_strchr.c -o ft_strchr.o
gcc -Wall -Werror -Wextra -c ft_strlcat.c -o ft_strlcat.o
gcc -Wall -Werror -Wextra -c ft_strlcpy.c -o ft_strlcpy.o
gcc -Wall -Werror -Wextra -c ft_strlen.c -o ft_strlen.o
gcc -Wall -Werror -Wextra -c ft_strncmp.c -o ft_strncmp.o
gcc -Wall -Werror -Wextra -c ft_strnstr.c -o ft_strnstr.o
gcc -Wall -Werror -Wextra -c ft_strrchr.c -o ft_strrchr.o
gcc -Wall -Werror -Wextra -c ft_tolower.c -o ft_tolower.o
gcc -Wall -Werror -Wextra -c ft_toupper.c -o ft_toupper.o
gcc -Wall -Werror -Wextra -c ft_strdup.c -o ft_strdup.o
gcc -Wall -Werror -Wextra -c ft_substr.c -o ft_substr.o
gcc -Wall -Werror -Wextra -c ft_strjoin.c -o ft_strjoin.o
gcc -Wall -Werror -Wextra -c ft_strtrim.c -o ft_strtrim.o
gcc -Wall -Werror -Wextra -c ft_split.c -o ft_split.o
gcc -Wall -Werror -Wextra -c ft_itoa.c -o ft_itoa.o
gcc -Wall -Werror -Wextra -c ft_strmapi.c -o ft_strmapi.o
gcc -Wall -Werror -Wextra -c ft_striteri.c -o ft_striteri.o
gcc -Wall -Werror -Wextra -c ft_putchar_fd.c -o ft_putchar_fd.o
gcc -Wall -Werror -Wextra -c ft_putstr_fd.c -o ft_putstr_fd.o
gcc -Wall -Werror -Wextra -c ft_putendl_fd.c -o ft_putendl_fd.o
gcc -Wall -Werror -Wextra -c ft_putnbr_fd.c -o ft_putnbr_fd.o
gcc -Wall -Werror -Wextra -c get_next_line.c -o get_next_line.o
gcc -Wall -Werror -Wextra -c get_next_line_utils.c -o get_next_line_utils.o
gcc -Wall -Werror -Wextra -c ft_lstadd_back_bonus.c -o ft_lstadd_back_bonus.o
gcc -Wall -Werror -Wextra -c ft_lstadd_front_bonus.c -o ft_lstadd_front_bonus.o
gcc -Wall -Werror -Wextra -c ft_lstclear_bonus.c -o ft_lstclear_bonus.o
gcc -Wall -Werror -Wextra -c ft_lstdelone_bonus.c -o ft_lstdelone_bonus.o
gcc -Wall -Werror -Wextra -c ft_lstiter_bonus.c -o ft_lstiter_bonus.o
gcc -Wall -Werror -Wextra -c ft_lstlast_bonus.c -o ft_lstlast_bonus.o
gcc -Wall -Werror -Wextra -c ft_lstnew_bonus.c -o ft_lstnew_bonus.o
gcc -Wall -Werror -Wextra -c ft_lstsize_bonus.c -o ft_lstsize_bonus.o
gcc -Wall -Werror -Wextra -c ft_lstmap_bonus.c -o ft_lstmap_bonus.o
ar crs libft.a ft_atoi.o ft_bzero.o ft_calloc.o ft_isalnum.o ft_isalpha.o ft_isascii.o ft_isdigit.o ft_isprint.o ft_memchr.o ft_memcmp.o ft_memcpy.o ft_memmove.o ft_memset.o ft_strchr.o ft_strlcat.o ft_strlcpy.o ft_strlen.o ft_strncmp.o ft_strnstr.o ft_strrchr.o ft_tolower.o ft_toupper.o ft_strdup.o ft_substr.o ft_strjoin.o ft_strtrim.o ft_split.o ft_itoa.o ft_strmapi.o ft_striteri.o ft_putchar_fd.o ft_putstr_fd.o ft_putendl_fd.o ft_putnbr_fd.o get_next_line.o get_next_line_utils.o ft_lstadd_back_bonus.o ft_lstadd_front_bonus.o ft_lstclear_bonus.o ft_lstdelone_bonus.o ft_lstiter_bonus.o ft_lstlast_bonus.o ft_lstnew_bonus.o ft_lstsize_bonus.o ft_lstmap_bonus.o
make[1]: Leaving directory '/mnt/c/Users/livia/OneDrive/Documentos/Cub-3D/libft'
cc -Wall -Wextra -Werror -g3 -I include -I libft -I minilibx-linux -c src/main.c -o obj/main.o
In file included from src/main.c:13:
include/cub3d.h:23:11: fatal error: mlx.h: No such file or directory
   23 | # include <mlx.h>
      |           ^~~~~~~
compilation terminated.
make: *** [Makefile:56: obj/main.o] Error 1
